[toc]

# [【已解决】Mac本地搭建mysql数据库并导入已备份出的sql文件](https://www.crifan.com/mac_local_build_mysql_database_environment_then_restore_exported_sql_file)



## 1. 结果出错

期间，mac本地已经通过dmg安装好了mysql了。

而且命令行中也是可以正常登录的。

但是去用Sequel Pro去尝试连接，结果出错：

![img](https://www.crifan.com/files/pic/uploads/2018/12/2a6de0fa2283c8b3010e204466922873.png)

“Connection failed!

Unable to connect to host 127.0.0.1, or the request timed out.

Be sure that the address is correct and that you have the necessary privileges, or try increasing the connection timeout (currently 10 seconds).



MySQL said: Your password has expired. To log in you must change it using a client that supports expired passwords.”

mac Unable to connect to host 127.0.0.1, or the request timed out.

mac Sequel Unable to connect to host 127.0.0.1, or the request timed out.

[Sequel PRO connection error · Issue #2908 · sequelpro/sequelpro](https://github.com/sequelpro/sequelpro/issues/2908)

- 本地mysql的server没有运行

- 去运行

[Unable to connect to host 127.0.0.1, or the request timed out. · Issue #1418 · sequelpro/sequelpro](https://github.com/sequelpro/sequelpro/issues/1418)

[php – mysql running but cannot connect to 127.0.0.1 – Stack Overflow](https://stackoverflow.com/questions/26538112/mysql-running-but-cannot-connect-to-127-0-0-1)

[Sometimes: Unable to connect to host 127.0.0.1, or the request timed out. MySQL through Sequel PRO](https://laracasts.com/discuss/channels/servers/sometimes-unable-to-connect-to-host-127001-or-the-request-timed-out-mysql-through-sequel-pro)

```
ps -ef | grep mysql
    0 22063 21758   0 11:40上午 ttys008    0:00.07 sudo mysql -u root
    0 22067 22063   0 11:40上午 ttys008    0:00.04 mysql -u root
    0 21662 20742   0 11:39上午 ttys009    0:00.05 sudo mysqld_safe --skip-grant-tables
    0 21663 21662   0 11:39上午 ttys009    0:00.03 /bin/sh /usr/local/mysql/bin/mysqld_safe --skip-grant-tables
   74 21733 21663   0 11:39上午 ttys009    0:02.21 /usr/local/mysql/bin/mysqld --basedir=/usr/local/mysql --datadir=/usr/local/mysql/data --plugin-dir=/usr/local/mysql/lib/plugin --user=mysql --skip-grant-tables --log-error=promote.cache-dns.local.err --pid-file=promote.cache-dns.local.pid
  501 22192 20742   0 11:43上午 ttys009    0:00.03 mysql -u root
  501 23117 20742   0 11:59上午 ttys009    0:00.04 mysql -u root
  501 23167 20742   0 12:00下午 ttys009    0:00.01 mysql -u root -p
  501 23199 20742   0 12:01下午 ttys009    0:00.02 mysql -u root -px
  501 26703 20742   0  1:35下午 ttys009    0:00.00 grep --color=auto --exclude-dir=.bzr --exclude-dir=CVS --exclude-dir=.git --exclude-dir=.hg --exclude-dir=.svn mysql
```

##  2. mac mysql server 运行

[Mac命令行启动MySQL – 简书](https://www.jianshu.com/p/cbf87ce6fa62)

“Linux下的MySQL使用非常方便, Mac相对来讲并不是说不方便, 可能更多的是不熟悉, 毕竟Mac主要是通过dmg安装的. 一般情况我们可能会在设置里面去启动或停止MySQL, 但有些时候我们有需要命令去启动.

```
sudo /usr/local/mysql/support-files/mysql.server start
sudo /usr/local/mysql/support-files/mysql.server stop
sudo /usr/local/mysql/support-files/mysql.server restart”
```
- 去试试

```
sudo /usr/local/mysql/support-files/mysql.server status
Password:
SUCCESS! MySQL running (21733)
sudo /usr/local/mysql/support-files/mysql.server restart
Shutting down MySQL
... SUCCESS!
Starting MySQL
. SUCCESS!
```

**好像没有问题啊。**

- **结果还是出错：**

![img](https://www.crifan.com/files/pic/uploads/2018/12/ba4dc9c80754e06be05884af86e0e3e2.png)

[MySQL for Mac 安装和基本操作_木木_新浪博客](http://blog.sina.com.cn/s/blog_9ea3a4b70101ihl3.html)

[mac下启动/停止/重启mysql服务 – CSDN博客](https://blog.csdn.net/czb_Corbin/article/details/72718781)

[mac上用终端启动和关闭mysql服务 – CSDN博客](https://blog.csdn.net/xiaoquantouer/article/details/54565800)

mac sequel Unable to connect to host 127.0.0.1, or the request timed out

[sequelpro – Can’t connect to MySQL server on (ip or domain name) – Stack Overflow](https://stackoverflow.com/questions/21221220/cant-connect-to-mysql-server-on-ip-or-domain-name)



Your password has expired. To log in you must change it using a client that supports expired passwords.

mac sequel Your password has expired. To log in you must change it using a client that supports expired passwords.

[mysql5.7密码过期ERROR 1862 (HY000): Your password has expired. To log in you must change-去吧奥特曼-51CTO博客](http://blog.51cto.com/dahui09/1775501)

## 3. 去改为不过期

[MAC安装MySQL后进不去 – 简书](https://www.jianshu.com/p/878b0c8a8692)

[php – Mysql password expired. Can’t connect – Stack Overflow](https://stackoverflow.com/questions/33387879/mysql-password-expired-cant-connect)

[“Your password has expired” after restart mysql when updated mysql 5.7.8-rc(debian) – Database Administrators Stack Exchange](https://dba.stackexchange.com/questions/118852/your-password-has-expired-after-restart-mysql-when-updated-mysql-5-7-8-rcdebi)

```
mysql -u root -p
Enter password:
Welcome to the MySQL monitor.  Commands end with ; or \g.
Your MySQL connection id is 4
Server version: 5.7.22

Copyright (c) 2000, 2018, Oracle and/or its affiliates. All rights reserved.

Oracle is a registered trademark of Oracle Corporation and/or its
affiliates. Other names may be trademarks of their respective
owners.

Type 'help;' or '\h' for help. Type '\c' to clear the current input statement.

mysql> update user set password_expired='N' where user='root';
ERROR 1046 (3D000): No database selected
mysql> use mysql;
ERROR 1820 (HY000): You must reset your password using ALTER USER statement before executing this statement.
mysql> SET PASSWORD = PASSWORD('crifan_mysql');
Query OK, 0 rows affected, 1 warning (0.00 sec)

mysql> update user set password_expired='N' where user='root';
ERROR 1046 (3D000): No database selected
mysql> use mysql
Reading table information for completion of table and column names
You can turn off this feature to get a quicker startup with -A

Database changed
mysql> update user set password_expired='N' where user='root';
Query OK, 0 rows affected (0.00 sec)
Rows matched: 1  Changed: 0  Warnings: 0

mysql> flush privileges;
Query OK, 0 rows affected (0.00 sec)

mysql> quit
Bye

```

然后再去sequel试试

就可以连接成功了：

![img](https://www.crifan.com/files/pic/uploads/2018/12/e016c3833a768bf1c47c6f8d189f9e82.png)

可以进去了：

![img](https://www.crifan.com/files/pic/uploads/2018/12/ba1530884fa459d63e82b178e5cfabb7.png)

![img](https://www.crifan.com/files/pic/uploads/2018/12/c227a300d171bf571664e1518ef9fd60.png)

## 4.【总结】

此处在Mac中，虽然之前用mysql的命令行把安装时的临时密码修改过了，且终端中也可以用：

```
mysql -u root -p

```

再输入密码，而进去mysql了。

但是此处工具Sequel Pro中，却无法连接：

- host：127.0.0.1
- user：root
- password：xxx
- port：3306

而提示：

Unable to connect to host 127.0.0.1, or the request timed out

而再去找具体提示中的原因是：

Your password has expired. To log in you must change it using a client that supports expired passwords.

而具体解决办法是：

再去终端中进去mysql：

```
mysql -u root -p

```

然后去（先选择对应的mysql数据库后，才能）设置密码：

```
use mysql;

```

会提示你：

“ERROR 1820 (HY000): You must reset your password using ALTER USER statement before executing this statement.”

然后去设置新密码：

```
SET PASSWORD = PASSWORD('crifan_mysql');
```

再去设置密码不过期：

```
use mysql;
update user set password_expired='N' where user='root’;
```

最后记得保存/同步/更新后再退出：

```
flush privileges;
quit
```

即可。

然后Sequel Pro就可以用新密码去连接了。

<hr/>
> 转载：[在路上](https://www.crifan.com/) » [【已解决】Mac中Sequel连接本地Mysql出错：Unable to connect to host 127.0.0.1 or the request timed out](https://www.crifan.com/mac_sequel_connect_local_mysql_unable_to_connect_to_host_127_0_0_1_or_the_request_timed_out/)